// Jest Snapshot v1, https://goo.gl/fbAQLP

exports[`<Timer /> matches snapshot 1`] = `
<View
  style={
    Object {
      "marginTop": 1000,
    }
  }
>
  <CircleProgress
    progress={
      AnimatedValue {
        " __value": 0,
      }
    }
    size={222}
    strokeWidth={9}
    testId="timer-circle-progress"
  />
  <CircularButton
    icon={
      <Text
        style={
          Object {
            "color": "#FFFFFF",
            "fontSize": 48,
          }
        }
      >
        20
      </Text>
    }
    size={204}
    style={
      Array [
        Object {
          "position": "absolute",
        },
        Object {
          "left": 9,
          "top": 9,
        },
      ]
    }
    testId="timer-circular-button"
    text="Seconds"
  />
</View>
`;
