// Jest Snapshot v1, https://goo.gl/fbAQLP

exports[`<Home /> matches snapshot 1`] = `
<View
  style={
    Object {
      "flex": 1,
    }
  }
>
  <RCTScrollView
    ListHeaderComponent={
      <React.Fragment>
        <InfoBox
          hidden={true}
          style={
            Object {
              "marginHorizontal": 24,
              "marginTop": 28,
            }
          }
          text="Currently on shift with reminders disabled"
        />
        <CircularButton
          icon={
            <HandsWashIcon
              color="#FFFFFF"
              size={68}
            />
          }
          onPress={[Function]}
          style={
            Object {
              "alignSelf": "center",
              "marginTop": 20,
            }
          }
          text="Wash"
        />
        <Text
          style={
            Object {
              "color": "#4A4A4A",
              "fontSize": 14,
              "marginHorizontal": 32,
              "marginVertical": 28,
            }
          }
          testId="home-history-subheader"
        >
          HISTORY
        </Text>
      </React.Fragment>
    }
    contentContainerStyle={
      Object {
        "flexGrow": 1,
      }
    }
    data={
      Array [
        Object {
          "date": "02-01-1990 01:00",
          "id": 2,
        },
        Object {
          "date": "01-01-1990 23:00",
          "id": 3,
        },
        Object {
          "date": "01-01-1990 00:00",
          "id": 1,
        },
      ]
    }
    disableVirtualization={false}
    getItem={[Function]}
    getItemCount={[Function]}
    horizontal={false}
    initialNumToRender={10}
    keyExtractor={[Function]}
    maxToRenderPerBatch={10}
    onContentSizeChange={[Function]}
    onEndReachedThreshold={2}
    onLayout={[Function]}
    onMomentumScrollEnd={[Function]}
    onScroll={[Function]}
    onScrollBeginDrag={[Function]}
    onScrollEndDrag={[Function]}
    removeClippedSubviews={false}
    renderItem={[Function]}
    scrollEventThrottle={50}
    stickyHeaderIndices={Array []}
    updateCellsBatchingPeriod={50}
    viewabilityConfigCallbackPairs={Array []}
    windowSize={21}
  >
    <View>
      <View
        onLayout={[Function]}
      >
        <View
          style={
            Array [
              Object {
                "backgroundColor": "#00A778",
                "borderRadius": 4,
                "paddingHorizontal": 22,
                "paddingVertical": 6,
              },
              Object {
                "opacity": 0,
              },
              Object {
                "marginHorizontal": 24,
                "marginTop": 28,
              },
            ]
          }
        >
          <Text
            style={
              Object {
                "color": "#FFFFFF",
                "fontSize": 17,
                "textAlign": "center",
              }
            }
          >
            Currently on shift with reminders disabled
          </Text>
        </View>
        <View
          accessible={true}
          focusable={true}
          onClick={[Function]}
          onResponderGrant={[Function]}
          onResponderMove={[Function]}
          onResponderRelease={[Function]}
          onResponderTerminate={[Function]}
          onResponderTerminationRequest={[Function]}
          onStartShouldSetResponder={[Function]}
          style={
            Object {
              "alignSelf": "center",
              "backgroundColor": "#00A1D2",
              "borderRadius": 102,
              "elevation": 16,
              "height": 204,
              "marginTop": 20,
              "opacity": 1,
              "padding": 30,
              "shadowColor": "#000000",
              "shadowOffset": Object {
                "height": 2,
              },
              "shadowOpacity": 0.2,
              "shadowRadius": 16,
              "width": 204,
            }
          }
        >
          <View
            style={
              Object {
                "alignItems": "center",
                "flex": 1,
                "justifyContent": "center",
              }
            }
          >
            <RNSVGSvgView
              align="xMidYMid"
              aria-hidden="true"
              bbHeight={68}
              bbWidth={68}
              className="prefix__svg-inline--fa prefix__fa-hands-wash prefix__fa-w-18"
              data-icon="hands-wash"
              data-prefix="fas"
              focusable={false}
              height={68}
              meetOrSlice={0}
              minX={0}
              minY={0}
              style={
                Array [
                  Object {
                    "backgroundColor": "transparent",
                    "borderWidth": 0,
                  },
                  Object {
                    "flex": 0,
                    "height": 68,
                    "width": 68,
                  },
                ]
              }
              vbHeight={512}
              vbWidth={576}
              width={68}
            >
              <RNSVGGroup>
                <RNSVGPath
                  d="M496 224a48 48 0 10-48-48 48 48 0 0048 48zm-184.53-45.55A56.77 56.77 0 01328 176a56 56 0 0119 3.49l15.35-48.61A24 24 0 00342 99.74c-11.53-1.35-22.21 6.44-25.71 17.51l-20.9 66.17zM93.65 386.33c.8-.19 1.54-.54 2.35-.71v-25.69a156 156 0 01107.06-148l73.7-22.76 34.16-108.12a24 24 0 00-20.33-31.11c-11.53-1.34-22.22 6.45-25.72 17.52l-33.45 106.42a8 8 0 01-15.26-4.83l43.37-137.79A24 24 0 00239.2.15C227.67-1.19 217 6.6 213.49 17.66l-47.93 151.71a8 8 0 11-15.26-4.82l38.56-122a24 24 0 00-20.33-31.11C157 10 146.32 17.83 142.82 28.9l-60 189.85-2.06-50.05a24 24 0 00-23.86-24.15c-13.23-.05-24.72 10.54-24.9 23.86v112.73a123.69 123.69 0 0061.65 105.19zM519.1 336H360a8 8 0 010-16h128a24 24 0 0023.54-28.76c-2.19-11.4-12.83-19.24-24.44-19.24H288l47.09-17.06a24 24 0 00-14.18-45.88l-107.72 33.25A123.88 123.88 0 00128 360v25.65a79.78 79.78 0 0158 108.63A118.9 118.9 0 00248 512h208a24 24 0 0023.54-28.76c-2.19-11.4-12.83-19.24-24.44-19.24H360a8 8 0 010-16h128a24 24 0 0023.54-28.76c-2.19-11.4-12.83-19.24-24.44-19.24H360a8 8 0 010-16h160a24 24 0 0023.54-28.76c-2.19-11.4-12.83-19.24-24.44-19.24zM416 64a32 32 0 10-32-32 32 32 0 0032 32zM112 416a48 48 0 1048 48 48 48 0 00-48-48z"
                  fill={4294967295}
                  propList={
                    Array [
                      "fill",
                    ]
                  }
                />
              </RNSVGGroup>
            </RNSVGSvgView>
          </View>
          <Text
            style={
              Object {
                "color": "#FFFFFF",
                "fontSize": 21,
                "textAlign": "center",
              }
            }
          >
            Wash
          </Text>
        </View>
        <Text
          style={
            Object {
              "color": "#4A4A4A",
              "fontSize": 14,
              "marginHorizontal": 32,
              "marginVertical": 28,
            }
          }
          testId="home-history-subheader"
        >
          HISTORY
        </Text>
      </View>
      <View
        onLayout={[Function]}
        style={null}
      >
        <View
          style={
            Array [
              Object {
                "flexDirection": "row",
                "paddingVertical": 16,
              },
              Object {
                "borderBottomColor": "#E6E6E6",
                "borderBottomWidth": 1,
              },
              Object {
                "marginLeft": 16,
              },
            ]
          }
        >
          <View
            style={
              Array [
                Object {
                  "backgroundColor": "#00A778",
                  "justifyContent": "center",
                  "marginHorizontal": 8,
                  "paddingHorizontal": 14,
                  "paddingVertical": 8,
                  "width": 80,
                },
                undefined,
              ]
            }
            testId="row-highlight-container"
          >
            <Text
              style={
                Object {
                  "color": "#FFFFFF",
                  "fontSize": 17,
                  "textAlign": "center",
                }
              }
              testId="row-highlight-text"
            >
              01:00
            </Text>
          </View>
          <View
            style={
              Object {
                "flex": 1,
              }
            }
          >
            <Text
              style={
                Object {
                  "color": "#4A4A4A",
                  "fontSize": 17,
                }
              }
              testId="row-primary-text"
            >
              Tuesday
            </Text>
            <Text
              style={
                Object {
                  "color": "#9B9B9B",
                  "fontSize": 14,
                }
              }
              testId="row-secondary-text"
            >
              2nd January 1990
            </Text>
          </View>
        </View>
      </View>
      <View
        onLayout={[Function]}
        style={null}
      >
        <View
          style={
            Array [
              Object {
                "flexDirection": "row",
                "paddingVertical": 16,
              },
              Object {
                "borderBottomColor": "#E6E6E6",
                "borderBottomWidth": 1,
              },
              Object {
                "marginLeft": 16,
              },
            ]
          }
        >
          <View
            style={
              Array [
                Object {
                  "backgroundColor": "#00A778",
                  "justifyContent": "center",
                  "marginHorizontal": 8,
                  "paddingHorizontal": 14,
                  "paddingVertical": 8,
                  "width": 80,
                },
                undefined,
              ]
            }
            testId="row-highlight-container"
          >
            <Text
              style={
                Object {
                  "color": "#FFFFFF",
                  "fontSize": 17,
                  "textAlign": "center",
                }
              }
              testId="row-highlight-text"
            >
              23:00
            </Text>
          </View>
          <View
            style={
              Object {
                "flex": 1,
              }
            }
          >
            <Text
              style={
                Object {
                  "color": "#4A4A4A",
                  "fontSize": 17,
                }
              }
              testId="row-primary-text"
            >
              Monday
            </Text>
            <Text
              style={
                Object {
                  "color": "#9B9B9B",
                  "fontSize": 14,
                }
              }
              testId="row-secondary-text"
            >
              1st January 1990
            </Text>
          </View>
        </View>
      </View>
      <View
        onLayout={[Function]}
        style={null}
      >
        <View
          style={
            Array [
              Object {
                "flexDirection": "row",
                "paddingVertical": 16,
              },
              Object {
                "borderBottomColor": "#E6E6E6",
                "borderBottomWidth": 1,
              },
              Object {
                "marginLeft": 16,
              },
            ]
          }
        >
          <View
            style={
              Array [
                Object {
                  "backgroundColor": "#00A778",
                  "justifyContent": "center",
                  "marginHorizontal": 8,
                  "paddingHorizontal": 14,
                  "paddingVertical": 8,
                  "width": 80,
                },
                undefined,
              ]
            }
            testId="row-highlight-container"
          >
            <Text
              style={
                Object {
                  "color": "#FFFFFF",
                  "fontSize": 17,
                  "textAlign": "center",
                }
              }
              testId="row-highlight-text"
            >
              00:00
            </Text>
          </View>
          <View
            style={
              Object {
                "flex": 1,
              }
            }
          >
            <Text
              style={
                Object {
                  "color": "#4A4A4A",
                  "fontSize": 17,
                }
              }
              testId="row-primary-text"
            >
              Monday
            </Text>
            <Text
              style={
                Object {
                  "color": "#9B9B9B",
                  "fontSize": 14,
                }
              }
              testId="row-secondary-text"
            >
              1st January 1990
            </Text>
          </View>
        </View>
      </View>
    </View>
  </RCTScrollView>
  <View
    accessible={true}
    focusable={true}
    onClick={[Function]}
    onResponderGrant={[Function]}
    onResponderMove={[Function]}
    onResponderRelease={[Function]}
    onResponderTerminate={[Function]}
    onResponderTerminationRequest={[Function]}
    onStartShouldSetResponder={[Function]}
    style={
      Object {
        "opacity": 1,
      }
    }
  >
    <RCTSafeAreaView
      emulateUnlessSupported={true}
      style={
        Array [
          Object {
            "alignItems": "center",
            "shadowColor": "#000000",
            "shadowOffset": Object {
              "height": -4,
            },
            "shadowOpacity": 0.2,
            "shadowRadius": 16,
          },
          Object {
            "backgroundColor": "#00A778",
          },
          undefined,
        ]
      }
    >
      <Text
        style={
          Array [
            Object {
              "fontSize": 17,
              "marginVertical": 16,
              "textAlign": "center",
            },
            Object {
              "color": "#FFFFFF",
            },
          ]
        }
      >
        Start Shift
      </Text>
    </RCTSafeAreaView>
  </View>
</View>
`;
