// Jest Snapshot v1, https://goo.gl/fbAQLP

exports[`colors config matches snapshot 1`] = `"{\\"lightBlue\\":\\"#00A1D2\\",\\"blue\\":\\"#0000FF\\",\\"green\\":\\"#00A778\\",\\"white\\":\\"#FFFFFF\\",\\"black\\":\\"#000000\\",\\"darkGrey\\":\\"#4A4A4A\\",\\"lightGrey\\":\\"#9B9B9B\\",\\"separator\\":\\"#E6E6E6\\",\\"brandedText\\":\\"#1C3A6A\\"}"`;
